
> awesome-src-experience@1.0.0 docs:build
> npm run docs:fix && vitepress build docs


> awesome-src-experience@1.0.0 docs:fix
> node scripts/fix-markdown.mjs

Starting Markdown build-safety scan...
Found 26 markdown files.
Markdown scan complete.

  [32m[1mvitepress[22m v1.6.4[39m

node.exe : - building client + server bundles
...
所在位置 行:1 字符: 1
+ & "C:\Program Files\nodejs/node.exe" "C:\Pr
ogram Files\nodejs/node_mo ...
+ ~~~~~~~~~~~~~~~~~~~~~~~~~~~~~~~~~~~~~~~~~~~
~~~~~~~~~~~~~~~~~~~~~~~~~~
    + CategoryInfo          : NotSpecified:  
   (- building client + server bundles...:S  
  tring) [], RemoteException
    + FullyQualifiedErrorId : NativeCommandE 
   rror
 
[33m
The language 'context' is not loaded, falling
 back to 'txt' for syntax highlighting.[39m
[33m
The language 'context' is not loaded, falling
 back to 'txt' for syntax highlighting.[39m
[31mx[39m Build failed in 849ms
[31m鉁?[0m building client + server bundles..
.
[31mbuild error:[39m
[31m[vite:vue] [plugin vite:vue] docs/index.
md (9:22): Invalid end tag.[39m
file: [36mC:/Users/Administrator/Desktop/Awe
some-SRC-experience/docs/index.md:9:22[39m
[31m[vite:vue] [plugin vite:vue] docs/index.
md (9:22): Invalid end tag.[39m
file: [36mC:/Users/Administrator/Desktop/Awe
some-SRC-experience/docs/index.md:9:22[39m
SyntaxError: [plugin vite:vue] docs/index.md 
(9:22): Invalid end tag.
    at createCompilerError (C:\Users\Administ
rator\Desktop\Awesome-SRC-experience\node_mod
ules\@vue\compiler-core\dist\compiler-core.cj
s.prod.js:1374:17)
    at emitError (C:\Users\Administrator\Desk
top\Awesome-SRC-experience\node_modules\@vue\
compiler-core\dist\compiler-core.cjs.prod.js:
2980:5)
    at Object.onclosetag (C:\Users\Administra
tor\Desktop\Awesome-SRC-experience\node_modul
es\@vue\compiler-core\dist\compiler-core.cjs.
prod.js:2387:9)
    at Tokenizer.stateInClosingTagName (C:\Us
ers\Administrator\Desktop\Awesome-SRC-experie
nce\node_modules\@vue\compiler-core\dist\comp
iler-core.cjs.prod.js:799:16)
    at Tokenizer.parse (C:\Users\Administrato
r\Desktop\Awesome-SRC-experience\node_modules
\@vue\compiler-core\dist\compiler-core.cjs.pr
od.js:1157:16)
    at Object.baseParse (C:\Users\Administrat
or\Desktop\Awesome-SRC-experience\node_module
s\@vue\compiler-core\dist\compiler-core.cjs.p
rod.js:3012:13)
    at Object.parse (C:\Users\Administrator\D
esktop\Awesome-SRC-experience\node_modules\@v
ue\compiler-dom\dist\compiler-dom.cjs.prod.js
:665:23)
    at Object.parse$1 [as parse] (C:\Users\Ad
ministrator\Desktop\Awesome-SRC-experience\no
de_modules\@vue\compiler-sfc\dist\compiler-sf
c.cjs.js:1824:24)
    at createDescriptor (file:///C:/Users/Adm
inistrator/Desktop/Awesome-SRC-experience/nod
e_modules/@vitejs/plugin-vue/dist/index.mjs:7
1:43)
    at transformMain (file:///C:/Users/Admini
strator/Desktop/Awesome-SRC-experience/node_m
odules/@vitejs/plugin-vue/dist/index.mjs:2421
:34)
